{
    "-profile test_hiv": {
        "content": [
            {
                "BAM2CODFREQ": {
                    "python": "3.9.23"
                },
                "BCFTOOLS_QUERY": {
                    "bcftools": 1.22
                },
                "BCFTOOLS_SORT": {
                    "bcftools": 1.22
                },
                "BCFTOOLS_STATS": {
                    "bcftools": 1.22
                },
                "BOWTIE2_ALIGN": {
                    "bowtie2": "2.5.4",
                    "samtools": 1.21,
                    "pigz": 2.8
                },
                "BOWTIE2_BUILD": {
                    "bowtie2": "2.5.4"
                },
                "CAT_FASTQ": {
                    "cat": 9.5
                },
                "CUSTOM_GETCHROMSIZES": {
                    "getchromsizes": "1.22.1"
                },
                "FASTP": {
                    "fastp": "1.0.1"
                },
                "FASTQC_RAW": {
                    "fastqc": "0.12.1"
                },
                "FASTQC_TRIM": {
                    "fastqc": "0.12.1"
                },
                "GFF2JSON": {
                    "python": "3.13.2"
                },
                "IVAR_CONSENSUS": {
                    "ivar": "1.4.4"
                },
                "IVAR_VARIANTS": {
                    "ivar": "1.4.4"
                },
                "IVAR_VARIANTS_TO_VCF": {
                    "python": "3.13.2"
                },
                "KRAKEN2_KRAKEN2": {
                    "kraken2": "2.1.6",
                    "pigz": 2.8
                },
                "MAKE_VARIANTS_LONG_TABLE": {
                    "python": "3.13.2"
                },
                "MOSDEPTH_GENOME": {
                    "mosdepth": "0.3.11"
                },
                "NEXTCLADE_DATASETGET": {
                    "nextclade": "3.11.0"
                },
                "PICARD_COLLECTMULTIPLEMETRICS": {
                    "picard": "3.4.0"
                },
                "PLOT_MOSDEPTH_REGIONS_GENOME": {
                    "r-base": "4.2.0"
                },
                "RESISTANCE_REPORT": {
                    "python": "3.13.2"
                },
                "SAMTOOLS_FLAGSTAT": {
                    "samtools": "1.22.1"
                },
                "SAMTOOLS_IDXSTATS": {
                    "samtools": "1.22.1"
                },
                "SAMTOOLS_INDEX": {
                    "samtools": "1.22.1"
                },
                "SAMTOOLS_SORT": {
                    "samtools": "1.22.1"
                },
                "SAMTOOLS_STATS": {
                    "samtools": "1.22.1"
                },
                "SIERRALOCAL": {
                    "sierra-local": "0.4.3"
                },
                "SNPEFF_ANN": {
                    "snpeff": "5.0e"
                },
                "SNPEFF_BUILD": {
                    "snpeff": "5.0e"
                },
                "SNPSIFT_EXTRACTFIELDS": {
                    "snpsift": 4.3
                },
                "TABIX_BGZIP": {
                    "tabix": 1.21
                },
                "TABIX_TABIX": {
                    "tabix": 1.21
                },
                "UNTAR_KRAKEN2_DB": {
                    "untar": 1.34
                },
                "Workflow": {
                    "nf-core/viralrecon": "v3.1.0dev"
                }
            },
            [
                "fastp",
                "fastp/DRR030302.fastp.html",
                "fastp/DRR030302.fastp.json",
                "fastp/SRR4071760.fastp.html",
                "fastp/SRR4071760.fastp.json",
                "fastp/SRR6937100.fastp.html",
                "fastp/SRR6937100.fastp.json",
                "fastp/log",
                "fastp/log/DRR030302.fastp.log",
                "fastp/log/SRR4071760.fastp.log",
                "fastp/log/SRR6937100.fastp.log",
                "fastqc",
                "fastqc/raw",
                "fastqc/raw/DRR030302_1_fastqc.html",
                "fastqc/raw/DRR030302_1_fastqc.zip",
                "fastqc/raw/DRR030302_2_fastqc.html",
                "fastqc/raw/DRR030302_2_fastqc.zip",
                "fastqc/raw/SRR4071760_1_fastqc.html",
                "fastqc/raw/SRR4071760_1_fastqc.zip",
                "fastqc/raw/SRR4071760_2_fastqc.html",
                "fastqc/raw/SRR4071760_2_fastqc.zip",
                "fastqc/raw/SRR6937100_1_fastqc.html",
                "fastqc/raw/SRR6937100_1_fastqc.zip",
                "fastqc/raw/SRR6937100_2_fastqc.html",
                "fastqc/raw/SRR6937100_2_fastqc.zip",
                "fastqc/trim",
                "fastqc/trim/DRR030302_1_fastqc.html",
                "fastqc/trim/DRR030302_1_fastqc.zip",
                "fastqc/trim/DRR030302_2_fastqc.html",
                "fastqc/trim/DRR030302_2_fastqc.zip",
                "fastqc/trim/SRR4071760_1_fastqc.html",
                "fastqc/trim/SRR4071760_1_fastqc.zip",
                "fastqc/trim/SRR4071760_2_fastqc.html",
                "fastqc/trim/SRR4071760_2_fastqc.zip",
                "fastqc/trim/SRR6937100_1_fastqc.html",
                "fastqc/trim/SRR6937100_1_fastqc.zip",
                "fastqc/trim/SRR6937100_2_fastqc.html",
                "fastqc/trim/SRR6937100_2_fastqc.zip",
                "kraken2",
                "kraken2/DRR030302.kraken2.report.txt",
                "kraken2/SRR4071760.kraken2.report.txt",
                "kraken2/SRR6937100.kraken2.report.txt",
                "multiqc",
                "multiqc/multiqc_data",
                "multiqc/multiqc_data/bcftools-stats-subtypes.yaml",
                "multiqc/multiqc_data/bcftools_stats_indel-lengths.yaml",
                "multiqc/multiqc_data/bcftools_stats_vqc_Count_Indels.yaml",
                "multiqc/multiqc_data/bcftools_stats_vqc_Count_SNP.yaml",
                "multiqc/multiqc_data/bcftools_stats_vqc_Count_Transitions.yaml",
                "multiqc/multiqc_data/bcftools_stats_vqc_Count_Transversions.yaml",
                "multiqc/multiqc_data/bowtie2_pe_plot.yaml",
                "multiqc/multiqc_data/fastp-insert-size-plot.yaml",
                "multiqc/multiqc_data/fastp-seq-content-gc-plot_Read_1_After_filtering.yaml",
                "multiqc/multiqc_data/fastp-seq-content-gc-plot_Read_1_Before_filtering.yaml",
                "multiqc/multiqc_data/fastp-seq-content-gc-plot_Read_2_After_filtering.yaml",
                "multiqc/multiqc_data/fastp-seq-content-gc-plot_Read_2_Before_filtering.yaml",
                "multiqc/multiqc_data/fastp-seq-content-n-plot_Read_1_After_filtering.yaml",
                "multiqc/multiqc_data/fastp-seq-content-n-plot_Read_1_Before_filtering.yaml",
                "multiqc/multiqc_data/fastp-seq-content-n-plot_Read_2_After_filtering.yaml",
                "multiqc/multiqc_data/fastp-seq-content-n-plot_Read_2_Before_filtering.yaml",
                "multiqc/multiqc_data/fastp-seq-quality-plot_Read_1_After_filtering.yaml",
                "multiqc/multiqc_data/fastp-seq-quality-plot_Read_1_Before_filtering.yaml",
                "multiqc/multiqc_data/fastp-seq-quality-plot_Read_2_After_filtering.yaml",
                "multiqc/multiqc_data/fastp-seq-quality-plot_Read_2_Before_filtering.yaml",
                "multiqc/multiqc_data/fastp_filtered_reads_plot.yaml",
                "multiqc/multiqc_data/fastqc-status-check-heatmap.yaml",
                "multiqc/multiqc_data/fastqc_adapter_content_plot.yaml",
                "multiqc/multiqc_data/fastqc_overrepresented_sequences_plot.yaml",
                "multiqc/multiqc_data/fastqc_per_base_n_content_plot.yaml",
                "multiqc/multiqc_data/fastqc_per_base_sequence_quality_plot.yaml",
                "multiqc/multiqc_data/fastqc_per_sequence_gc_content_plot_Counts.yaml",
                "multiqc/multiqc_data/fastqc_per_sequence_gc_content_plot_Percentages.yaml",
                "multiqc/multiqc_data/fastqc_per_sequence_quality_scores_plot.yaml",
                "multiqc/multiqc_data/fastqc_sequence_counts_plot.yaml",
                "multiqc/multiqc_data/fastqc_sequence_duplication_levels_plot.yaml",
                "multiqc/multiqc_data/fastqc_sequence_length_distribution_plot.yaml",
                "multiqc/multiqc_data/fastqc_top_overrepresented_sequences_table.yaml",
                "multiqc/multiqc_data/kraken-top-n-plot_Class.yaml",
                "multiqc/multiqc_data/kraken-top-n-plot_Domain.yaml",
                "multiqc/multiqc_data/kraken-top-n-plot_Family.yaml",
                "multiqc/multiqc_data/kraken-top-n-plot_Genus.yaml",
                "multiqc/multiqc_data/kraken-top-n-plot_Order.yaml",
                "multiqc/multiqc_data/kraken-top-n-plot_Phylum.yaml",
                "multiqc/multiqc_data/kraken-top-n-plot_Unclassified.yaml",
                "multiqc/multiqc_data/llms-full.txt",
                "multiqc/multiqc_data/mosdepth-coverage-per-contig-single.yaml",
                "multiqc/multiqc_data/mosdepth-cumcoverage-dist-id.yaml",
                "multiqc/multiqc_data/mosdepth_cov_dist.yaml",
                "multiqc/multiqc_data/mosdepth_cumcov_dist.yaml",
                "multiqc/multiqc_data/mosdepth_perchrom.yaml",
                "multiqc/multiqc_data/multiqc.log",
                "multiqc/multiqc_data/multiqc.parquet",
                "multiqc/multiqc_data/multiqc_bcftools_stats.yaml",
                "multiqc/multiqc_data/multiqc_bowtie2.yaml",
                "multiqc/multiqc_data/multiqc_citations.yaml",
                "multiqc/multiqc_data/multiqc_data.json",
                "multiqc/multiqc_data/multiqc_fastp.yaml",
                "multiqc/multiqc_data/multiqc_fastqc.yaml",
                "multiqc/multiqc_data/multiqc_ivar_variants.yaml",
                "multiqc/multiqc_data/multiqc_kraken.yaml",
                "multiqc/multiqc_data/multiqc_nextclade_clade.yaml",
                "multiqc/multiqc_data/multiqc_quast_quast_variants.yaml",
                "multiqc/multiqc_data/multiqc_samtools_flagstat_samtools_bowtie2.yaml",
                "multiqc/multiqc_data/multiqc_samtools_flagstat_samtools_ivar.yaml",
                "multiqc/multiqc_data/multiqc_samtools_flagstat_samtools_markduplicates.yaml",
                "multiqc/multiqc_data/multiqc_snpeff.yaml",
                "multiqc/multiqc_data/multiqc_software_versions.yaml",
                "multiqc/multiqc_data/multiqc_sources.yaml",
                "multiqc/multiqc_data/multiqc_summary_variants_metrics_plot.yaml",
                "multiqc/multiqc_data/quast_num_contigs.yaml",
                "multiqc/multiqc_data/quast_table.yaml",
                "multiqc/multiqc_data/samtools-flagstat-pct-table.yaml",
                "multiqc/multiqc_data/samtools-flagstat-table.yaml",
                "multiqc/multiqc_data/snpeff_effects.yaml",
                "multiqc/multiqc_data/snpeff_variant_effects_class.yaml",
                "multiqc/multiqc_data/snpeff_variant_effects_impact.yaml",
                "multiqc/multiqc_data/snpeff_variant_effects_region.yaml",
                "multiqc/multiqc_report.html",
                "multiqc/summary_variants_metrics_mqc.csv",
                "nextclade",
                "nextclade/neherlab",
                "nextclade/neherlab/hiv-1",
                "nextclade/neherlab/hiv-1/CHANGELOG.md",
                "nextclade/neherlab/hiv-1/README.md",
                "nextclade/neherlab/hiv-1/genome_annotation.gff3",
                "nextclade/neherlab/hiv-1/pathogen.json",
                "nextclade/neherlab/hiv-1/reference.fasta",
                "nextclade/neherlab/hiv-1/sequences.fasta",
                "nextclade/neherlab/hiv-1/tree.json",
                "pipeline_info",
                "pipeline_info/nf_core_viralrecon_software_mqc_versions.yml",
                "variants",
                "variants/bowtie2",
                "variants/bowtie2/DRR030302.sorted.bam",
                "variants/bowtie2/DRR030302.sorted.bam.bai",
                "variants/bowtie2/SRR4071760.sorted.bam",
                "variants/bowtie2/SRR4071760.sorted.bam.bai",
                "variants/bowtie2/SRR6937100.sorted.bam",
                "variants/bowtie2/SRR6937100.sorted.bam.bai",
                "variants/bowtie2/log",
                "variants/bowtie2/log/DRR030302.bowtie2.log",
                "variants/bowtie2/log/SRR4071760.bowtie2.log",
                "variants/bowtie2/log/SRR6937100.bowtie2.log",
                "variants/bowtie2/mosdepth",
                "variants/bowtie2/mosdepth/genome",
                "variants/bowtie2/mosdepth/genome/DRR030302.mosdepth.coverage.pdf",
                "variants/bowtie2/mosdepth/genome/DRR030302.mosdepth.coverage.tsv",
                "variants/bowtie2/mosdepth/genome/DRR030302.mosdepth.summary.txt",
                "variants/bowtie2/mosdepth/genome/SRR4071760.mosdepth.coverage.pdf",
                "variants/bowtie2/mosdepth/genome/SRR4071760.mosdepth.coverage.tsv",
                "variants/bowtie2/mosdepth/genome/SRR4071760.mosdepth.summary.txt",
                "variants/bowtie2/mosdepth/genome/SRR6937100.mosdepth.coverage.pdf",
                "variants/bowtie2/mosdepth/genome/SRR6937100.mosdepth.coverage.tsv",
                "variants/bowtie2/mosdepth/genome/SRR6937100.mosdepth.summary.txt",
                "variants/bowtie2/mosdepth/genome/all_samples.mosdepth.coverage.tsv",
                "variants/bowtie2/picard_metrics",
                "variants/bowtie2/picard_metrics/DRR030302.CollectMultipleMetrics.alignment_summary_metrics",
                "variants/bowtie2/picard_metrics/DRR030302.CollectMultipleMetrics.base_distribution_by_cycle_metrics",
                "variants/bowtie2/picard_metrics/DRR030302.CollectMultipleMetrics.insert_size_metrics",
                "variants/bowtie2/picard_metrics/DRR030302.CollectMultipleMetrics.quality_by_cycle_metrics",
                "variants/bowtie2/picard_metrics/DRR030302.CollectMultipleMetrics.quality_distribution_metrics",
                "variants/bowtie2/picard_metrics/SRR4071760.CollectMultipleMetrics.alignment_summary_metrics",
                "variants/bowtie2/picard_metrics/SRR4071760.CollectMultipleMetrics.base_distribution_by_cycle_metrics",
                "variants/bowtie2/picard_metrics/SRR4071760.CollectMultipleMetrics.insert_size_metrics",
                "variants/bowtie2/picard_metrics/SRR4071760.CollectMultipleMetrics.quality_by_cycle_metrics",
                "variants/bowtie2/picard_metrics/SRR4071760.CollectMultipleMetrics.quality_distribution_metrics",
                "variants/bowtie2/picard_metrics/SRR6937100.CollectMultipleMetrics.alignment_summary_metrics",
                "variants/bowtie2/picard_metrics/SRR6937100.CollectMultipleMetrics.base_distribution_by_cycle_metrics",
                "variants/bowtie2/picard_metrics/SRR6937100.CollectMultipleMetrics.insert_size_metrics",
                "variants/bowtie2/picard_metrics/SRR6937100.CollectMultipleMetrics.quality_by_cycle_metrics",
                "variants/bowtie2/picard_metrics/SRR6937100.CollectMultipleMetrics.quality_distribution_metrics",
                "variants/bowtie2/picard_metrics/pdf",
                "variants/bowtie2/picard_metrics/pdf/DRR030302.CollectMultipleMetrics.base_distribution_by_cycle.pdf",
                "variants/bowtie2/picard_metrics/pdf/DRR030302.CollectMultipleMetrics.insert_size_histogram.pdf",
                "variants/bowtie2/picard_metrics/pdf/DRR030302.CollectMultipleMetrics.quality_by_cycle.pdf",
                "variants/bowtie2/picard_metrics/pdf/DRR030302.CollectMultipleMetrics.quality_distribution.pdf",
                "variants/bowtie2/picard_metrics/pdf/DRR030302.CollectMultipleMetrics.read_length_histogram.pdf",
                "variants/bowtie2/picard_metrics/pdf/SRR4071760.CollectMultipleMetrics.base_distribution_by_cycle.pdf",
                "variants/bowtie2/picard_metrics/pdf/SRR4071760.CollectMultipleMetrics.insert_size_histogram.pdf",
                "variants/bowtie2/picard_metrics/pdf/SRR4071760.CollectMultipleMetrics.quality_by_cycle.pdf",
                "variants/bowtie2/picard_metrics/pdf/SRR4071760.CollectMultipleMetrics.quality_distribution.pdf",
                "variants/bowtie2/picard_metrics/pdf/SRR4071760.CollectMultipleMetrics.read_length_histogram.pdf",
                "variants/bowtie2/picard_metrics/pdf/SRR6937100.CollectMultipleMetrics.base_distribution_by_cycle.pdf",
                "variants/bowtie2/picard_metrics/pdf/SRR6937100.CollectMultipleMetrics.insert_size_histogram.pdf",
                "variants/bowtie2/picard_metrics/pdf/SRR6937100.CollectMultipleMetrics.quality_by_cycle.pdf",
                "variants/bowtie2/picard_metrics/pdf/SRR6937100.CollectMultipleMetrics.quality_distribution.pdf",
                "variants/bowtie2/picard_metrics/pdf/SRR6937100.CollectMultipleMetrics.read_length_histogram.pdf",
                "variants/bowtie2/samtools_stats",
                "variants/bowtie2/samtools_stats/DRR030302.sorted.bam.flagstat",
                "variants/bowtie2/samtools_stats/DRR030302.sorted.bam.idxstats",
                "variants/bowtie2/samtools_stats/DRR030302.sorted.bam.stats",
                "variants/bowtie2/samtools_stats/SRR4071760.sorted.bam.flagstat",
                "variants/bowtie2/samtools_stats/SRR4071760.sorted.bam.idxstats",
                "variants/bowtie2/samtools_stats/SRR4071760.sorted.bam.stats",
                "variants/bowtie2/samtools_stats/SRR6937100.sorted.bam.flagstat",
                "variants/bowtie2/samtools_stats/SRR6937100.sorted.bam.idxstats",
                "variants/bowtie2/samtools_stats/SRR6937100.sorted.bam.stats",
                "variants/ivar",
                "variants/ivar/DRR030302.tsv",
                "variants/ivar/DRR030302.vcf.gz",
                "variants/ivar/DRR030302.vcf.gz.tbi",
                "variants/ivar/SRR4071760.tsv",
                "variants/ivar/SRR4071760.vcf.gz",
                "variants/ivar/SRR4071760.vcf.gz.tbi",
                "variants/ivar/SRR6937100.tsv",
                "variants/ivar/SRR6937100.vcf.gz",
                "variants/ivar/SRR6937100.vcf.gz.tbi",
                "variants/ivar/bcftools_stats",
                "variants/ivar/bcftools_stats/DRR030302.bcftools_stats.txt",
                "variants/ivar/bcftools_stats/SRR4071760.bcftools_stats.txt",
                "variants/ivar/bcftools_stats/SRR6937100.bcftools_stats.txt",
                "variants/ivar/consensus",
                "variants/ivar/consensus/ivar",
                "variants/ivar/consensus/ivar/DRR030302.consensus.fa",
                "variants/ivar/consensus/ivar/DRR030302.consensus.qual.txt",
                "variants/ivar/consensus/ivar/SRR4071760.consensus.fa",
                "variants/ivar/consensus/ivar/SRR4071760.consensus.qual.txt",
                "variants/ivar/consensus/ivar/SRR6937100.consensus.fa",
                "variants/ivar/consensus/ivar/SRR6937100.consensus.qual.txt",
                "variants/ivar/consensus/ivar/base_qc",
                "variants/ivar/consensus/ivar/base_qc/DRR030302.consensus.ACTG_density.pdf",
                "variants/ivar/consensus/ivar/base_qc/DRR030302.consensus.K_density.pdf",
                "variants/ivar/consensus/ivar/base_qc/DRR030302.consensus.M_density.pdf",
                "variants/ivar/consensus/ivar/base_qc/DRR030302.consensus.N_density.pdf",
                "variants/ivar/consensus/ivar/base_qc/DRR030302.consensus.N_run.tsv",
                "variants/ivar/consensus/ivar/base_qc/DRR030302.consensus.R_density.pdf",
                "variants/ivar/consensus/ivar/base_qc/DRR030302.consensus.S_density.pdf",
                "variants/ivar/consensus/ivar/base_qc/DRR030302.consensus.W_density.pdf",
                "variants/ivar/consensus/ivar/base_qc/DRR030302.consensus.Y_density.pdf",
                "variants/ivar/consensus/ivar/base_qc/DRR030302.consensus.base_counts.pdf",
                "variants/ivar/consensus/ivar/base_qc/DRR030302.consensus.base_counts.tsv",
                "variants/ivar/consensus/ivar/base_qc/SRR4071760.consensus.ACTG_density.pdf",
                "variants/ivar/consensus/ivar/base_qc/SRR4071760.consensus.N_density.pdf",
                "variants/ivar/consensus/ivar/base_qc/SRR4071760.consensus.N_run.tsv",
                "variants/ivar/consensus/ivar/base_qc/SRR4071760.consensus.R_density.pdf",
                "variants/ivar/consensus/ivar/base_qc/SRR4071760.consensus.W_density.pdf",
                "variants/ivar/consensus/ivar/base_qc/SRR4071760.consensus.base_counts.pdf",
                "variants/ivar/consensus/ivar/base_qc/SRR4071760.consensus.base_counts.tsv",
                "variants/ivar/consensus/ivar/base_qc/SRR6937100.consensus.ACTG_density.pdf",
                "variants/ivar/consensus/ivar/base_qc/SRR6937100.consensus.M_density.pdf",
                "variants/ivar/consensus/ivar/base_qc/SRR6937100.consensus.N_density.pdf",
                "variants/ivar/consensus/ivar/base_qc/SRR6937100.consensus.N_run.tsv",
                "variants/ivar/consensus/ivar/base_qc/SRR6937100.consensus.R_density.pdf",
                "variants/ivar/consensus/ivar/base_qc/SRR6937100.consensus.W_density.pdf",
                "variants/ivar/consensus/ivar/base_qc/SRR6937100.consensus.Y_density.pdf",
                "variants/ivar/consensus/ivar/base_qc/SRR6937100.consensus.base_counts.pdf",
                "variants/ivar/consensus/ivar/base_qc/SRR6937100.consensus.base_counts.tsv",
                "variants/ivar/consensus/ivar/hiv_resistance",
                "variants/ivar/consensus/ivar/hiv_resistance/codfreq",
                "variants/ivar/consensus/ivar/hiv_resistance/codfreq/DRR030302.codfreq",
                "variants/ivar/consensus/ivar/hiv_resistance/codfreq/SRR4071760.codfreq",
                "variants/ivar/consensus/ivar/hiv_resistance/codfreq/SRR6937100.codfreq",
                "variants/ivar/consensus/ivar/hiv_resistance/codfreq/codfreq.json",
                "variants/ivar/consensus/ivar/hiv_resistance/resistance_reports",
                "variants/ivar/consensus/ivar/hiv_resistance/resistance_reports/DRR030302_mutation_table.csv",
                "variants/ivar/consensus/ivar/hiv_resistance/resistance_reports/DRR030302_resistance_table.csv",
                "variants/ivar/consensus/ivar/hiv_resistance/resistance_reports/SRR4071760_mutation_table.csv",
                "variants/ivar/consensus/ivar/hiv_resistance/resistance_reports/SRR4071760_resistance_table.csv",
                "variants/ivar/consensus/ivar/hiv_resistance/resistance_reports/SRR6937100_mutation_table.csv",
                "variants/ivar/consensus/ivar/hiv_resistance/resistance_reports/SRR6937100_resistance_table.csv",
                "variants/ivar/consensus/ivar/hiv_resistance/sierra-local",
                "variants/ivar/consensus/ivar/hiv_resistance/sierra-local/DRR030302_resistance.json",
                "variants/ivar/consensus/ivar/hiv_resistance/sierra-local/SRR4071760_resistance.json",
                "variants/ivar/consensus/ivar/hiv_resistance/sierra-local/SRR6937100_resistance.json",
                "variants/ivar/consensus/ivar/nextclade",
                "variants/ivar/consensus/ivar/nextclade/DRR030302.csv",
                "variants/ivar/consensus/ivar/nextclade/SRR4071760.csv",
                "variants/ivar/consensus/ivar/nextclade/SRR6937100.csv",
                "variants/ivar/consensus/ivar/quast.consensus",
                "variants/ivar/consensus/ivar/quast.consensus/basic_stats",
                "variants/ivar/consensus/ivar/quast.consensus/basic_stats/DRR030302.consensus_GC_content_plot.pdf",
                "variants/ivar/consensus/ivar/quast.consensus/basic_stats/GC_content_plot.pdf",
                "variants/ivar/consensus/ivar/quast.consensus/basic_stats/NGx_plot.pdf",
                "variants/ivar/consensus/ivar/quast.consensus/basic_stats/Nx_plot.pdf",
                "variants/ivar/consensus/ivar/quast.consensus/basic_stats/SRR4071760.consensus_GC_content_plot.pdf",
                "variants/ivar/consensus/ivar/quast.consensus/basic_stats/SRR6937100.consensus_GC_content_plot.pdf",
                "variants/ivar/consensus/ivar/quast.consensus/basic_stats/cumulative_plot.pdf",
                "variants/ivar/consensus/ivar/quast.consensus/basic_stats/gc.icarus.txt",
                "variants/ivar/consensus/ivar/quast.consensus/contigs_reports",
                "variants/ivar/consensus/ivar/quast.consensus/contigs_reports/DRR030302-consensus.mis_contigs.fa",
                "variants/ivar/consensus/ivar/quast.consensus/contigs_reports/DRR030302-consensus.misassemblies.gff",
                "variants/ivar/consensus/ivar/quast.consensus/contigs_reports/SRR4071760-consensus.mis_contigs.fa",
                "variants/ivar/consensus/ivar/quast.consensus/contigs_reports/SRR4071760-consensus.misassemblies.gff",
                "variants/ivar/consensus/ivar/quast.consensus/contigs_reports/SRR6937100-consensus.mis_contigs.fa",
                "variants/ivar/consensus/ivar/quast.consensus/contigs_reports/SRR6937100-consensus.misassemblies.gff",
                "variants/ivar/consensus/ivar/quast.consensus/contigs_reports/all_alignments_DRR030302-consensus.tsv",
                "variants/ivar/consensus/ivar/quast.consensus/contigs_reports/all_alignments_SRR4071760-consensus.tsv",
                "variants/ivar/consensus/ivar/quast.consensus/contigs_reports/all_alignments_SRR6937100-consensus.tsv",
                "variants/ivar/consensus/ivar/quast.consensus/contigs_reports/contigs_report_DRR030302-consensus.mis_contigs.info",
                "variants/ivar/consensus/ivar/quast.consensus/contigs_reports/contigs_report_DRR030302-consensus.stderr",
                "variants/ivar/consensus/ivar/quast.consensus/contigs_reports/contigs_report_DRR030302-consensus.stdout",
                "variants/ivar/consensus/ivar/quast.consensus/contigs_reports/contigs_report_DRR030302-consensus.unaligned.info",
                "variants/ivar/consensus/ivar/quast.consensus/contigs_reports/contigs_report_SRR4071760-consensus.mis_contigs.info",
                "variants/ivar/consensus/ivar/quast.consensus/contigs_reports/contigs_report_SRR4071760-consensus.stderr",
                "variants/ivar/consensus/ivar/quast.consensus/contigs_reports/contigs_report_SRR4071760-consensus.stdout",
                "variants/ivar/consensus/ivar/quast.consensus/contigs_reports/contigs_report_SRR4071760-consensus.unaligned.info",
                "variants/ivar/consensus/ivar/quast.consensus/contigs_reports/contigs_report_SRR6937100-consensus.mis_contigs.info",
                "variants/ivar/consensus/ivar/quast.consensus/contigs_reports/contigs_report_SRR6937100-consensus.stderr",
                "variants/ivar/consensus/ivar/quast.consensus/contigs_reports/contigs_report_SRR6937100-consensus.stdout",
                "variants/ivar/consensus/ivar/quast.consensus/contigs_reports/contigs_report_SRR6937100-consensus.unaligned.info",
                "variants/ivar/consensus/ivar/quast.consensus/contigs_reports/minimap_output",
                "variants/ivar/consensus/ivar/quast.consensus/contigs_reports/minimap_output/DRR030302-consensus.coords",
                "variants/ivar/consensus/ivar/quast.consensus/contigs_reports/minimap_output/DRR030302-consensus.coords.filtered",
                "variants/ivar/consensus/ivar/quast.consensus/contigs_reports/minimap_output/DRR030302-consensus.coords_tmp",
                "variants/ivar/consensus/ivar/quast.consensus/contigs_reports/minimap_output/DRR030302-consensus.sf",
                "variants/ivar/consensus/ivar/quast.consensus/contigs_reports/minimap_output/DRR030302-consensus.unaligned",
                "variants/ivar/consensus/ivar/quast.consensus/contigs_reports/minimap_output/DRR030302-consensus.used_snps",
                "variants/ivar/consensus/ivar/quast.consensus/contigs_reports/minimap_output/SRR4071760-consensus.coords",
                "variants/ivar/consensus/ivar/quast.consensus/contigs_reports/minimap_output/SRR4071760-consensus.coords.filtered",
                "variants/ivar/consensus/ivar/quast.consensus/contigs_reports/minimap_output/SRR4071760-consensus.coords_tmp",
                "variants/ivar/consensus/ivar/quast.consensus/contigs_reports/minimap_output/SRR4071760-consensus.sf",
                "variants/ivar/consensus/ivar/quast.consensus/contigs_reports/minimap_output/SRR4071760-consensus.unaligned",
                "variants/ivar/consensus/ivar/quast.consensus/contigs_reports/minimap_output/SRR4071760-consensus.used_snps",
                "variants/ivar/consensus/ivar/quast.consensus/contigs_reports/minimap_output/SRR6937100-consensus.coords",
                "variants/ivar/consensus/ivar/quast.consensus/contigs_reports/minimap_output/SRR6937100-consensus.coords.filtered",
                "variants/ivar/consensus/ivar/quast.consensus/contigs_reports/minimap_output/SRR6937100-consensus.coords_tmp",
                "variants/ivar/consensus/ivar/quast.consensus/contigs_reports/minimap_output/SRR6937100-consensus.sf",
                "variants/ivar/consensus/ivar/quast.consensus/contigs_reports/minimap_output/SRR6937100-consensus.unaligned",
                "variants/ivar/consensus/ivar/quast.consensus/contigs_reports/minimap_output/SRR6937100-consensus.used_snps",
                "variants/ivar/consensus/ivar/quast.consensus/icarus.html",
                "variants/ivar/consensus/ivar/quast.consensus/icarus_viewers",
                "variants/ivar/consensus/ivar/quast.consensus/icarus_viewers/contig_size_viewer.html",
                "variants/ivar/consensus/ivar/quast.consensus/quast.log",
                "variants/ivar/consensus/ivar/quast.consensus/report.html",
                "variants/ivar/consensus/ivar/quast.consensus/report.pdf",
                "variants/ivar/consensus/ivar/quast.consensus/report.tex",
                "variants/ivar/consensus/ivar/quast.consensus/report.tsv",
                "variants/ivar/consensus/ivar/quast.consensus/report.txt",
                "variants/ivar/consensus/ivar/quast.consensus/transposed_report.tex",
                "variants/ivar/consensus/ivar/quast.consensus/transposed_report.tsv",
                "variants/ivar/consensus/ivar/quast.consensus/transposed_report.txt",
                "variants/ivar/log",
                "variants/ivar/log/DRR030302.variant_counts.log",
                "variants/ivar/log/SRR4071760.variant_counts.log",
                "variants/ivar/log/SRR6937100.variant_counts.log",
                "variants/ivar/snpeff",
                "variants/ivar/snpeff/DRR030302.snpeff.csv",
                "variants/ivar/snpeff/DRR030302.snpeff.genes.txt",
                "variants/ivar/snpeff/DRR030302.snpeff.summary.html",
                "variants/ivar/snpeff/DRR030302.snpeff.vcf.gz",
                "variants/ivar/snpeff/DRR030302.snpeff.vcf.gz.tbi",
                "variants/ivar/snpeff/DRR030302.snpsift.txt",
                "variants/ivar/snpeff/SRR4071760.snpeff.csv",
                "variants/ivar/snpeff/SRR4071760.snpeff.genes.txt",
                "variants/ivar/snpeff/SRR4071760.snpeff.summary.html",
                "variants/ivar/snpeff/SRR4071760.snpeff.vcf.gz",
                "variants/ivar/snpeff/SRR4071760.snpeff.vcf.gz.tbi",
                "variants/ivar/snpeff/SRR4071760.snpsift.txt",
                "variants/ivar/snpeff/SRR6937100.snpeff.csv",
                "variants/ivar/snpeff/SRR6937100.snpeff.genes.txt",
                "variants/ivar/snpeff/SRR6937100.snpeff.summary.html",
                "variants/ivar/snpeff/SRR6937100.snpeff.vcf.gz",
                "variants/ivar/snpeff/SRR6937100.snpeff.vcf.gz.tbi",
                "variants/ivar/snpeff/SRR6937100.snpsift.txt",
                "variants/ivar/snpeff/bcftools_stats",
                "variants/ivar/snpeff/bcftools_stats/DRR030302.snpeff.bcftools_stats.txt",
                "variants/ivar/snpeff/bcftools_stats/SRR4071760.snpeff.bcftools_stats.txt",
                "variants/ivar/snpeff/bcftools_stats/SRR6937100.snpeff.bcftools_stats.txt",
                "variants/ivar/variants_long_table.csv"
            ],
            [
                "DRR030302.fastp.json:md5,4576bd73d7142a695b54910db8b5c5a5",
                "SRR4071760.fastp.json:md5,e7772216f049c4d182337b0e588fe90a",
                "SRR6937100.fastp.json:md5,027afdc4c7c9d9f24f404bf381ab8647",
                "DRR030302.kraken2.report.txt:md5,5ab2ed70334d4061fb82f8d91475c761",
                "SRR4071760.kraken2.report.txt:md5,c26f91bfafe58ba451f7d05f0b9b5611",
                "SRR6937100.kraken2.report.txt:md5,6f5c455f6efd9fa807fefdbba83ba960",
                "bcftools-stats-subtypes.yaml:md5,f098ccd449817cccffc28e026f69061d",
                "bcftools_stats_indel-lengths.yaml:md5,8b1107071b6db954a64f9336568eadb5",
                "bcftools_stats_vqc_Count_Indels.yaml:md5,c0e62da935d9176e2f2fead847e2a1eb",
                "bcftools_stats_vqc_Count_SNP.yaml:md5,ec466173ab58b232268087a7d52b28d7",
                "bcftools_stats_vqc_Count_Transitions.yaml:md5,7f4783539bd993dc5a95153fb13e07a5",
                "bcftools_stats_vqc_Count_Transversions.yaml:md5,2db1fd37b35135798864b355801913ad",
                "bowtie2_pe_plot.yaml:md5,e0f7a3f55b45307ecfd9a005f9e4bf43",
                "fastp-insert-size-plot.yaml:md5,bb33b37d204b611cdb0caa4c21fe6ca8",
                "fastp-seq-content-gc-plot_Read_1_After_filtering.yaml:md5,578bc1611186c73e2456bbf1f5ae2966",
                "fastp-seq-content-gc-plot_Read_1_Before_filtering.yaml:md5,243c0fd1831cd7023935e39750fa509c",
                "fastp-seq-content-gc-plot_Read_2_After_filtering.yaml:md5,5b793240e640df9aeb2cc82235844f84",
                "fastp-seq-content-gc-plot_Read_2_Before_filtering.yaml:md5,fe11fce85c936ee38a3dce38c3456a9e",
                "fastp-seq-content-n-plot_Read_1_After_filtering.yaml:md5,d9e103d7206ec7ee39dd023ac2c53edf",
                "fastp-seq-content-n-plot_Read_1_Before_filtering.yaml:md5,d9e103d7206ec7ee39dd023ac2c53edf",
                "fastp-seq-content-n-plot_Read_2_After_filtering.yaml:md5,d9e103d7206ec7ee39dd023ac2c53edf",
                "fastp-seq-content-n-plot_Read_2_Before_filtering.yaml:md5,d9e103d7206ec7ee39dd023ac2c53edf",
                "fastp-seq-quality-plot_Read_1_After_filtering.yaml:md5,5bfc4c99689fb374ba75ba9e671a6354",
                "fastp-seq-quality-plot_Read_1_Before_filtering.yaml:md5,fa90a7f66985852702247b9fb163ff44",
                "fastp-seq-quality-plot_Read_2_After_filtering.yaml:md5,4836bff271741349452fb5fde9d6d801",
                "fastp-seq-quality-plot_Read_2_Before_filtering.yaml:md5,7d415ea66ffe7dcfd9cb6f8f4ee2a4fe",
                "fastp_filtered_reads_plot.yaml:md5,94235b4ad306d22ef24cf218167e72b2",
                "fastqc-status-check-heatmap.yaml:md5,2c08f0a35e3873e813c1c4e170d1396b",
                "fastqc_adapter_content_plot.yaml:md5,f4eb1b6711fadcd5d19830702bf00bd8",
                "fastqc_overrepresented_sequences_plot.yaml:md5,d6b471696abf3b0dd4b8cd53175f1e64",
                "fastqc_per_base_n_content_plot.yaml:md5,ff9b7849c5b0629d146c49ef596c9965",
                "fastqc_per_base_sequence_quality_plot.yaml:md5,6e675477e15940c09cbe7fc9f39ce745",
                "fastqc_per_sequence_gc_content_plot_Counts.yaml:md5,1d12411e8c974224993c7b8a21eb1162",
                "fastqc_per_sequence_gc_content_plot_Percentages.yaml:md5,db7a9219d74c6a14e3777c42d63b6e7e",
                "fastqc_per_sequence_quality_scores_plot.yaml:md5,fbc73ff08bd18103aba60ff150be28a0",
                "fastqc_sequence_counts_plot.yaml:md5,7979d2b445f6840815230e20c0145cc2",
                "fastqc_sequence_duplication_levels_plot.yaml:md5,391ee51cc333b6779a6d2ac5d82582be",
                "fastqc_sequence_length_distribution_plot.yaml:md5,ae8ef86f2f9fa7d90d4256bd99f54279",
                "fastqc_top_overrepresented_sequences_table.yaml:md5,b0acea45ac4dbda2f2f42fb0bbad43b4",
                "kraken-top-n-plot_Class.yaml:md5,7c0469a3822f971d340dcc58cf063eaf",
                "kraken-top-n-plot_Domain.yaml:md5,7c0469a3822f971d340dcc58cf063eaf",
                "kraken-top-n-plot_Family.yaml:md5,7c0469a3822f971d340dcc58cf063eaf",
                "kraken-top-n-plot_Genus.yaml:md5,7c0469a3822f971d340dcc58cf063eaf",
                "kraken-top-n-plot_Order.yaml:md5,7c0469a3822f971d340dcc58cf063eaf",
                "kraken-top-n-plot_Phylum.yaml:md5,7c0469a3822f971d340dcc58cf063eaf",
                "kraken-top-n-plot_Unclassified.yaml:md5,7c0469a3822f971d340dcc58cf063eaf",
                "mosdepth-coverage-per-contig-single.yaml:md5,2c92507750d8cb480c983ce4bb2cd44f",
                "mosdepth-cumcoverage-dist-id.yaml:md5,dffc1976f3235f5f6d01c9885424b81d",
                "mosdepth_cov_dist.yaml:md5,eda47c603a9c2c464825707829c728c5",
                "mosdepth_cumcov_dist.yaml:md5,eda47c603a9c2c464825707829c728c5",
                "mosdepth_perchrom.yaml:md5,481a2ec6903dadadb8f9610f37a01724",
                "multiqc_bcftools_stats.yaml:md5,837f40755fa3154d8a2661682cad468c",
                "multiqc_bowtie2.yaml:md5,bb7fe62e1ee3c986e3afc4c6480ac9cf",
                "multiqc_citations.yaml:md5,f564e5526b36c9a583e0af5ca7a34b64",
                "multiqc_fastp.yaml:md5,710d94f687bba12657a5700489cdd6ac",
                "multiqc_fastqc.yaml:md5,444824ecaca1d11e9920430e6b06ddd3",
                "multiqc_ivar_variants.yaml:md5,204a6492dcb448af35b9bcdccfc521f2",
                "multiqc_kraken.yaml:md5,bbacecf8e782bb601be23351c164dd6b",
                "multiqc_nextclade_clade.yaml:md5,9acf3d4a4b35cf58df39ffbcef25f9e8",
                "multiqc_quast_quast_variants.yaml:md5,fd7179c660e5db8a53db896b6c8343fe",
                "multiqc_snpeff.yaml:md5,0c623f3d1078b052c1b3a76793855157",
                "snpeff_effects.yaml:md5,8feba3cc9e25e4f37f93b0ac0b41ecf3",
                "snpeff_variant_effects_class.yaml:md5,f62f82d55f69b2ba8b117b16efde73c1",
                "snpeff_variant_effects_impact.yaml:md5,89411f52c14c6c0dda9d3a88dd0d6f3d",
                "snpeff_variant_effects_region.yaml:md5,2c56d4fd0ff7be104535c14b49bb831f",
                "CHANGELOG.md:md5,e51168eee0bc2a213a7382c198f44893",
                "README.md:md5,e029ded293961c99d1a5d58f34a70017",
                "genome_annotation.gff3:md5,dbc49e5f16a70495bdfec06407fe192b",
                "pathogen.json:md5,3e42a13b68718496a0b0b82dcb738433",
                "reference.fasta:md5,0a750989cc2a2139104453cdcd173acc",
                "sequences.fasta:md5,b7d8f3f19115e6668d4d4b16084c80c8",
                "tree.json:md5,3fdf0843196b31e4f47802604fb5beab",
                "DRR030302.bowtie2.log:md5,d5f0407c09649797bb0732acca84ba0f",
                "SRR4071760.bowtie2.log:md5,d8407ef3e4af28858ea8081273c9cdca",
                "SRR6937100.bowtie2.log:md5,7aad58fe913919972b6db310553103fd",
                "DRR030302.mosdepth.coverage.tsv:md5,4445645711e28ecd07ca0cf4f864d568",
                "DRR030302.mosdepth.summary.txt:md5,34f75af3fdd00110c9569c3491d3e0ae",
                "SRR4071760.mosdepth.coverage.tsv:md5,606b13635a4e13a5d8171a950fd6b212",
                "SRR4071760.mosdepth.summary.txt:md5,97c2386273794ec05a28a8db7bcea1c1",
                "SRR6937100.mosdepth.coverage.tsv:md5,49be206a8bc7350dbad265060d90d5da",
                "SRR6937100.mosdepth.summary.txt:md5,a66e374b8e2b73fb1bdc891107b05ade",
                "DRR030302.sorted.bam.flagstat:md5,18da52dab55ff5a7188f3ad4ce94e0b0",
                "DRR030302.sorted.bam.idxstats:md5,98f598f60dc0e29dda191c3a6732279e",
                "DRR030302.sorted.bam.stats:md5,00a16d7333045b227db1f1fbe91e1442",
                "SRR4071760.sorted.bam.flagstat:md5,e8dd8d26adb2fd985da16242771960af",
                "SRR4071760.sorted.bam.idxstats:md5,21d5a8100902fd96ade6abba61e37886",
                "SRR4071760.sorted.bam.stats:md5,caead5de1868a07b29e5474c7e17451e",
                "SRR6937100.sorted.bam.flagstat:md5,884eda3ffcbee5c84a59a71ae138e6b2",
                "SRR6937100.sorted.bam.idxstats:md5,e224704bd96b929c0a93d60c871ffaee",
                "SRR6937100.sorted.bam.stats:md5,4ffd0020d173794e3dcf3145fd6c1c09",
                "DRR030302.tsv:md5,7bd2b5f3bc933c4e5b5f283e37d77922",
                "DRR030302.vcf.gz:md5,3596ddae46fd2114b76d598aeaf080d9",
                "DRR030302.vcf.gz.tbi:md5,e76579c78e60bf04f8e93a0a78a09f3e",
                "SRR4071760.tsv:md5,a69bed1fcdedb93acd4b66e92f3fbc9e",
                "SRR4071760.vcf.gz:md5,841058f0743c327a203ebbe100af7be1",
                "SRR4071760.vcf.gz.tbi:md5,3407857c6d427d95e632c4eed80c3dff",
                "SRR6937100.tsv:md5,9ea4f0086e5156ab068df1d3703eeacb",
                "SRR6937100.vcf.gz:md5,36465f8853945c8f4575ba1e7efd5f01",
                "SRR6937100.vcf.gz.tbi:md5,fdc21eca0e6b6ae97ae83ab1f0810cbf",
                "DRR030302.bcftools_stats.txt:md5,5b92fd54926c7fa1216df5ef8ea10839",
                "SRR4071760.bcftools_stats.txt:md5,c3f8365f9ec3c3d6c0ea978718e15050",
                "SRR6937100.bcftools_stats.txt:md5,2064197b7860570ee24a88974049df56",
                "DRR030302.consensus.fa:md5,e55924064f02a8b341abb1d361358b23",
                "SRR4071760.consensus.fa:md5,99e602421e29d87ff1925d7eb0c779c9",
                "SRR6937100.consensus.fa:md5,668421a70ad09e09a30c2d0c01f1c955",
                "DRR030302.consensus.N_run.tsv:md5,943f7a39c7bf1ba7c9f1704253e9ca3b",
                "DRR030302.consensus.base_counts.tsv:md5,1ca7b5eeb0efd5dee77a44aec6d7480b",
                "SRR4071760.consensus.N_run.tsv:md5,68ce39a7ffd39aa5a0bb02d21e6ae6a6",
                "SRR4071760.consensus.base_counts.tsv:md5,ea636f0a0f426d6dba20b1877783fb63",
                "SRR6937100.consensus.N_run.tsv:md5,da00866e35fde969f0a26fa128d0824b",
                "SRR6937100.consensus.base_counts.tsv:md5,eb0e3541b4ecc5e6c08eff163b232f1a",
                "codfreq.json:md5,b4ee85d907400cbf924a9fd629a8b621",
                "DRR030302_mutation_table.csv:md5,a6c06472f414eee01280fb2264701135",
                "DRR030302_resistance_table.csv:md5,6e4aecb5140b5564a6e4585b1884df15",
                "SRR4071760_mutation_table.csv:md5,68f270b3e3c665d331f0733387880803",
                "SRR4071760_resistance_table.csv:md5,6bcc98b8b4fc1d5b3b9a3fcf7adceee5",
                "SRR6937100_mutation_table.csv:md5,24af0cc8f62e18f412dd13e8a8b66985",
                "SRR6937100_resistance_table.csv:md5,a106b7b40928786e40cb79dde3fdaf3e",
                "DRR030302_resistance.json:md5,17ec2f1fc00b48884f7f1d37e45866a2",
                "SRR4071760_resistance.json:md5,e77058c526a24b99984ddc90e4fb82cf",
                "SRR6937100_resistance.json:md5,4d64f165943dcc4bb4e9282e0e7e25b6",
                "DRR030302.csv:md5,aca486e89daea50f9490829ca501feeb",
                "SRR4071760.csv:md5,402ed07874d496e9c831847b79cb9f27",
                "SRR6937100.csv:md5,b9fd3d777d15beb170b373a78295a166",
                "gc.icarus.txt:md5,326ce93821a2c908dc84c940d70812ec",
                "DRR030302.variant_counts.log:md5,7adf96f08812bb0db6ca9d96ce9152fb",
                "SRR4071760.variant_counts.log:md5,53f3be96e9f66242165c5ab2c0529d9d",
                "SRR6937100.variant_counts.log:md5,36e0bce6fa02b7fcef6d6ab119d1cc77",
                "DRR030302.snpeff.vcf.gz:md5,4825bb83a4016aa2cc40fd887f419c4f",
                "DRR030302.snpeff.vcf.gz.tbi:md5,d391f151927bcde73783590225faf23c",
                "DRR030302.snpsift.txt:md5,b15eab18397f6704afca2894da270793",
                "SRR4071760.snpeff.vcf.gz:md5,4ad852ee2ec37d2f8ee3bf0ef566ee94",
                "SRR4071760.snpeff.vcf.gz.tbi:md5,1841c4501915fc09a0120634de10bc55",
                "SRR4071760.snpsift.txt:md5,260d142c4306e298a0bda33e01d11042",
                "SRR6937100.snpeff.vcf.gz:md5,1769a96959c2d10d02bbc40df10b9321",
                "SRR6937100.snpeff.vcf.gz.tbi:md5,bdf096d01a1a48b6999d53887fb310c4",
                "SRR6937100.snpsift.txt:md5,73fdad429b85442a820c291e0782543b",
                "DRR030302.snpeff.bcftools_stats.txt:md5,a633143d4f8a1f7fa6514a35a9e2d432",
                "SRR4071760.snpeff.bcftools_stats.txt:md5,f12e3d7bfdf246178d614f36b32da264",
                "SRR6937100.snpeff.bcftools_stats.txt:md5,a4c9b2c9f62bed1da50280377df1f910",
                "variants_long_table.csv:md5,97b1ea6c59a39336c70003c624c1eb6b"
            ]
        ],
        "meta": {
            "nf-test": "0.9.3",
            "nextflow": "25.10.0"
        },
        "timestamp": "2025-11-05T16:29:57.324498169"
    }
}